[www.ghostspay.com/index.html]
[backblue.gif]
[fade.gif]
[index.html]
[framerusercontent.com/images/mP0HSX90uQoFhNDe2Yd0Ty5PNI.png]
[framerusercontent.com/images/AdORO5yvSt8OuuFKGoZ5TI7qu08.png]
[framerusercontent.com/images/FmnlP0aFgUob02pfzKHalqWV9c7f33.png]
[framerusercontent.com/images/VJRL8rcPyrX6MwoUTnztGX2Y7f33.png]
[framerusercontent.com/images/2Ys6KPp6T4GsJedp2MJjvWoHM7f33.png]
[framerusercontent.com/images/zgLx5vBV3hWbBtb0C8BrsEdF8d62d.png]
[framerusercontent.com/images/nKqAhuqHCVwuJLXiWVQ3a2dqC2w3696.jpg]
[framerusercontent.com/images/z7ffrFiBPLlXF1UuM0pKPwWbg5df5.png]
[framerusercontent.com/images/pheu38FvcTxfRfxBAg6SJXlKMSsdbc9.png]
[framerusercontent.com/images/3THP3oVP1KHWin8tNzXv8f12EY70c5.jpg]
[framerusercontent.com/images/PzspIic9UNSietRZA15pdoxKkYf1e1.png]
[framerusercontent.com/images/0Hf9KWOLhJwttpXyZOndIi15eg70c5.jpg]
[framerusercontent.com/images/V4OG2r0uZbkmsZX1AlvzXtMfgLE5040.png]
[framerusercontent.com/images/qNcayi4T8Fbc8WDP45d3WCSZlbA508e.png]
[framerusercontent.com/images/HakSizUAKqygKBBfrMrM91W0hdM1624.png]
[framerusercontent.com/images/ogNCHfRf56tXCrHmTpUyXfBP4E5f85.png]
[framerusercontent.com/images/BwrkG2HeGUKhutt0KvJtjHJMTcc346d.jpg]
[framerusercontent.com/images/WQ2mqxC9N8Z7bESW31i1KGChCY7e76.png]
[framerusercontent.com/images/LG2uxWobW0ELDCQje80lqL7qK82efe.jpg]
[framerusercontent.com/images/sGocLIZ9haRf7TNdhL9fihbttoebe6.png]
[framerusercontent.com/images/f9RZVa4HFrGMGvxuXK4vmwBMsdf97.jpg]
[framerusercontent.com/images/DdDYu7tgW9qpNhMsPAM6WKvG3wA7723.jpg]
[framerusercontent.com/images/nf93fLpshOHVEXrvDmVUdz7U2Eka8ac.jpg]
[framerusercontent.com/images/d8dttJ10EedMIckYxaZtfMFzzQ8450.png]
[framerusercontent.com/images/rhC4bPznjPh4V0yTh26neGUHHTsfb30.png]
[framerusercontent.com/images/ZTmbBmavT4ctFe2hvuRo6cXE397c.png]
[framerusercontent.com/images/crybfXU5eF6Okdc9pm5RFelqs919f.jpg]
[framerusercontent.com/images/93Co5uOLyAmpI6I4rzAwj1b8DQk747a.jpg]
[framerusercontent.com/images/X6kQqsndAb2udmXR34DfeBQRv84346d.jpg]
[framerusercontent.com/images/LHxm8D0entKjGPCj8zn3RkZ3pRY346d.jpg]
[framerusercontent.com/images/wSS7vVsOHLxcfeQSy8hdKhVGr0346d.jpg]
[framerusercontent.com/images/4tVC7atEk14mONWQYp67BWS170d7f9.png]
[framerusercontent.com/images/Wab11ZyfvXfbtLKNEpVahQgaCro8fe4.png]
[www.ghostspay.com/privacy-policy.html]
[www.ghostspay.com/terms-of-use.html]
[www.ghostspay.com/404.24.delayed]
[www.ghostspay.com/index.html]
[www.ghostspay.com/PL010629.html]
[www.ghostspay.com/privacy-policy.html]
[www.ghostspay.com/terms-of-use.html]
[www.ghostspay.com/404.html]
